Godot Engine v4.7.2.stable.official.ed1daf0bf - https://godotengine.org

[   0% ] [90m[1mfirst_scan_filesystem[22m | Started Project initialization (5 steps)[39m[0m
[   0% ] [90m[1mfirst_scan_filesystem[22m | Scanning file structure...[39m[0m
[  16% ] [90m[1mfirst_scan_filesystem[22m | Loading global class names...[39m[0m
[  33% ] [90m[1mfirst_scan_filesystem[22m | Verifying GDExtensions...[39m[0m
[  50% ] [90m[1mfirst_scan_filesystem[22m | Creating autoload scripts...[39m[0m
[  66% ] [90m[1mfirst_scan_filesystem[22m | Initializing plugins...[39m[0m
[  83% ] [90m[1mfirst_scan_filesystem[22m | Starting file scan...[39m[0m
[92m[ DONE ][39m [1mfirst_scan_filesystem[22m
[0m
[   0% ] [90m[1msavepack[22m | Started Packing (102 steps)[39m[0m
[   1% ] [90m[1msavepack[22m | Storing File: res://.godot/imported/air.svg-b8a554177d6841c628da9b634d08e936.ctex[39m[0m
[   1% ] [90m[1msavepack[22m | Storing File: res://art/air.svg.import[39m[0m
[   1% ] [90m[1msavepack[22m | Storing File: res://.godot/imported/burning_ground.svg-ee608815a5bea2496a17729d0cb6867b.ctex[39m[0m
[   1% ] [90m[1msavepack[22m | Storing File: res://art/burning_ground.svg.import[39m[0m
[   2% ] [90m[1msavepack[22m | Storing File: res://.godot/imported/cinder_boots.svg-0764e97079d5be42ba8e90b1fb667a6e.ctex[39m[0m
[   2% ] [90m[1msavepack[22m | Storing File: res://art/cinder_boots.svg.import[39m[0m
[   3% ] [90m[1msavepack[22m | Storing File: res://.godot/imported/cinder_staff.svg-25cc056320283937b6fc53a67420a85b.ctex[39m[0m
[   3% ] [90m[1msavepack[22m | Storing File: res://art/cinder_staff.svg.import[39m[0m
[   3% ] [90m[1msavepack[22m | Storing File: res://.godot/imported/coal_ring.svg-63247a0ccec225078014781d7e82f8e7.ctex[39m[0m
[   3% ] [90m[1msavepack[22m | Storing File: res://art/coal_ring.svg.import[39m[0m
[   4% ] [90m[1msavepack[22m | Storing File: res://.godot/imported/combustion.svg-4f2a814d51a1c455b151d22a63b78cd7.ctex[39m[0m
[   4% ] [90m[1msavepack[22m | Storing File: res://art/combustion.svg.import[39m[0m
[   5% ] [90m[1msavepack[22m | Storing File: res://.godot/imported/earth.svg-4a33416e3923d678f54131d7de6ce547.ctex[39m[0m
[   5% ] [90m[1msavepack[22m | Storing File: res://art/earth.svg.import[39m[0m
[   6% ] [90m[1msavepack[22m | Storing File: res://.godot/imported/earth_pillar.svg-c4370fffef0072d0b1a376c8ff68bb9e.ctex[39m[0m
[   6% ] [90m[1msavepack[22m | Storing File: res://art/earth_pillar.svg.import[39m[0m
[   6% ] [90m[1msavepack[22m | Storing File: res://.godot/imported/ember_robe.svg-e184146b0e402aced1f9e00a1665e205.ctex[39m[0m
[   6% ] [90m[1msavepack[22m | Storing File: res://art/ember_robe.svg.import[39m[0m
[   7% ] [90m[1msavepack[22m | Storing File: res://.godot/imported/fault_staff.svg-e21d26c3b1dbe5f482cfee2fb1c726e8.ctex[39m[0m
[   7% ] [90m[1msavepack[22m | Storing File: res://art/fault_staff.svg.import[39m[0m
[   8% ] [90m[1msavepack[22m | Storing File: res://.godot/imported/fire.svg-048ec096cdbbf9cca9cdf4dfb53b7d0b.ctex[39m[0m
[   8% ] [90m[1msavepack[22m | Storing File: res://art/fire.svg.import[39m[0m
[   9% ] [90m[1msavepack[22m | Storing File: res://.godot/imported/fireball.svg-6a856e697bf7d419d0cd541b623e2687.ctex[39m[0m
[   9% ] [90m[1msavepack[22m | Storing File: res://art/fireball.svg.import[39m[0m
[   9% ] [90m[1msavepack[22m | Storing File: res://.godot/imported/flame_lash.svg-5f8dc55d3e178319b44f1ab5913ac3e4.ctex[39m[0m
[   9% ] [90m[1msavepack[22m | Storing File: res://art/flame_lash.svg.import[39m[0m
[  10% ] [90m[1msavepack[22m | Storing File: res://.godot/imported/frost_boots.svg-82eaef92eaf0ef137f466257ebc4cdd1.ctex[39m[0m
[  10% ] [90m[1msavepack[22m | Storing File: res://art/frost_boots.svg.import[39m[0m
[  11% ] [90m[1msavepack[22m | Storing File: res://.godot/imported/frost_nova.svg-fd3bd78b6d9361b6ee3b1cd2b0e93f14.ctex[39m[0m
[  11% ] [90m[1msavepack[22m | Storing File: res://art/frost_nova.svg.import[39m[0m
[  11% ] [90m[1msavepack[22m | Storing File: res://.godot/imported/glacier_robe.svg-612eb5c95ecb99633ca3879c1dd924db.ctex[39m[0m
[  11% ] [90m[1msavepack[22m | Storing File: res://art/glacier_robe.svg.import[39m[0m
[  12% ] [90m[1msavepack[22m | Storing File: res://.godot/imported/granite_robe.svg-8a813f2bafda3aa0d429236838de3c64.ctex[39m[0m
[  12% ] [90m[1msavepack[22m | Storing File: res://art/granite_robe.svg.import[39m[0m
[  13% ] [90m[1msavepack[22m | Storing File: res://.godot/imported/gust.svg-53b1cfcbc6ab42de1a9b7afdbc4c4dc0.ctex[39m[0m
[  13% ] [90m[1msavepack[22m | Storing File: res://art/gust.svg.import[39m[0m
[  14% ] [90m[1msavepack[22m | Storing File: res://.godot/imported/horizon_ring.svg-7c9ff82dd6172fffaea0504a08f97b90.ctex[39m[0m
[  14% ] [90m[1msavepack[22m | Storing File: res://art/horizon_ring.svg.import[39m[0m
[  14% ] [90m[1msavepack[22m | Storing File: res://.godot/imported/ice.svg-d7907fe33ad5df174f529796f80ff2e6.ctex[39m[0m
[  14% ] [90m[1msavepack[22m | Storing File: res://art/ice.svg.import[39m[0m
[  15% ] [90m[1msavepack[22m | Storing File: res://.godot/imported/ice_barrier.svg-25c96e46456b99402a9b078516b1629b.ctex[39m[0m
[  15% ] [90m[1msavepack[22m | Storing File: res://art/ice_barrier.svg.import[39m[0m
[  16% ] [90m[1msavepack[22m | Storing File: res://.godot/imported/ice_spike.svg-fc58dbe8d031aa08203dd224fd797c1a.ctex[39m[0m
[  16% ] [90m[1msavepack[22m | Storing File: res://art/ice_spike.svg.import[39m[0m
[  17% ] [90m[1msavepack[22m | Storing File: res://.godot/imported/icicle_rain.svg-a8b1a770f996e8834397a837d491e7ca.ctex[39m[0m
[  17% ] [90m[1msavepack[22m | Storing File: res://art/icicle_rain.svg.import[39m[0m
[  17% ] [90m[1msavepack[22m | Storing File: res://.godot/imported/pilgrim_boots.svg-e6e2f2a794c5ed470b2afda9847331de.ctex[39m[0m
[  17% ] [90m[1msavepack[22m | Storing File: res://art/pilgrim_boots.svg.import[39m[0m
[  18% ] [90m[1msavepack[22m | Storing File: res://.godot/imported/prism_staff.svg-992726aafcabcff46847977fb7041427.ctex[39m[0m
[  18% ] [90m[1msavepack[22m | Storing File: res://art/prism_staff.svg.import[39m[0m
[  19% ] [90m[1msavepack[22m | Storing File: res://.godot/imported/quake_ring.svg-a3dc7b03142f070ff65e7aa6b1784275.ctex[39m[0m
[  19% ] [90m[1msavepack[22m | Storing File: res://art/quake_ring.svg.import[39m[0m
[  19% ] [90m[1msavepack[22m | Storing File: res://.godot/imported/rime_ring.svg-275dedeb358134221797be552cb8b36d.ctex[39m[0m
[  19% ] [90m[1msavepack[22m | Storing File: res://art/rime_ring.svg.import[39m[0m
[  20% ] [90m[1msavepack[22m | Storing File: res://.godot/imported/scholar_robe.svg-40c3d0dffb21687dba9045eac1ccbdaf.ctex[39m[0m
[  20% ] [90m[1msavepack[22m | Storing File: res://art/scholar_robe.svg.import[39m[0m
[  21% ] [90m[1msavepack[22m | Storing File: res://.godot/imported/silk_robe.svg-6cfabdf359cc91139ba8c2ff57d9c423.ctex[39m[0m
[  21% ] [90m[1msavepack[22m | Storing File: res://art/silk_robe.svg.import[39m[0m
[  22% ] [90m[1msavepack[22m | Storing File: res://.godot/imported/stone_boots.svg-acf624ed01b247741b30538650bd743f.ctex[39m[0m
[  22% ] [90m[1msavepack[22m | Storing File: res://art/stone_boots.svg.import[39m[0m
[  22% ] [90m[1msavepack[22m | Storing File: res://.godot/imported/stone_fist.svg-6e03306a417083bc4254e2d3061afd00.ctex[39m[0m
[  22% ] [90m[1msavepack[22m | Storing File: res://art/stone_fist.svg.import[39m[0m
[  23% ] [90m[1msavepack[22m | Storing File: res://.godot/imported/stone_guard.svg-858fb44feb904f9e53951b94858dfcef.ctex[39m[0m
[  23% ] [90m[1msavepack[22m | Storing File: res://art/stone_guard.svg.import[39m[0m
[  24% ] [90m[1msavepack[22m | Storing File: res://.godot/imported/tempo_ring.svg-cf8aae3db079fb27b93138298ccd3c60.ctex[39m[0m
[  24% ] [90m[1msavepack[22m | Storing File: res://art/tempo_ring.svg.import[39m[0m
[  25% ] [90m[1msavepack[22m | Storing File: res://.godot/imported/tremor.svg-825e3fd5242a95df8825be41e6023ab8.ctex[39m[0m
[  25% ] [90m[1msavepack[22m | Storing File: res://art/tremor.svg.import[39m[0m
[  25% ] [90m[1msavepack[22m | Storing File: res://.godot/imported/vortex.svg-6a4f864b9d53a0124975f86b09ad2a35.ctex[39m[0m
[  25% ] [90m[1msavepack[22m | Storing File: res://art/vortex.svg.import[39m[0m
[  26% ] [90m[1msavepack[22m | Storing File: res://.godot/imported/wind_blade.svg-3ec9ff883c8019649e920af9a4bf8516.ctex[39m[0m
[  26% ] [90m[1msavepack[22m | Storing File: res://art/wind_blade.svg.import[39m[0m
[  27% ] [90m[1msavepack[22m | Storing File: res://.godot/imported/wind_boots.svg-f50ebd11ba64d1419d3b5c99622d784d.ctex[39m[0m
[  27% ] [90m[1msavepack[22m | Storing File: res://art/wind_boots.svg.import[39m[0m
[  28% ] [90m[1msavepack[22m | Storing File: res://.godot/imported/wind_dash.svg-59ec87b77d2a13c4afca2fa6f71bf0e1.ctex[39m[0m
[  28% ] [90m[1msavepack[22m | Storing File: res://art/wind_dash.svg.import[39m[0m
[  28% ] [90m[1msavepack[22m | Storing File: res://.godot/imported/winter_staff.svg-c05d32152df3e520f59ace0624d3fef8.ctex[39m[0m
[  28% ] [90m[1msavepack[22m | Storing File: res://art/winter_staff.svg.import[39m[0m
[  29% ] [90m[1msavepack[22m | Storing File: res://.godot/imported/zephyr_staff.svg-7e597cbd10e33ae19a4535b89e762e78.ctex[39m[0m
[  29% ] [90m[1msavepack[22m | Storing File: res://art/zephyr_staff.svg.import[39m[0m
[  30% ] [90m[1msavepack[22m | Storing File: res://.godot/imported/air.wav-269825562a9c76038c5403b0f4fbf19d.sample[39m[0m
[  30% ] [90m[1msavepack[22m | Storing File: res://audio/air.wav.import[39m[0m
[  30% ] [90m[1msavepack[22m | Storing File: res://.godot/imported/ambience.wav-4e48c496bc19d49d0c92570e564b0fe0.sample[39m[0m
[  30% ] [90m[1msavepack[22m | Storing File: res://audio/ambience.wav.import[39m[0m
[  31% ] [90m[1msavepack[22m | Storing File: res://.godot/imported/boss.wav-b5dd6587749e8f4df17428abb5b1c8fe.sample[39m[0m
[  31% ] [90m[1msavepack[22m | Storing File: res://audio/boss.wav.import[39m[0m
[  32% ] [90m[1msavepack[22m | Storing File: res://.godot/imported/death.wav-081f95a37f237b6f3ceb7246d5521f75.sample[39m[0m
[  32% ] [90m[1msavepack[22m | Storing File: res://audio/death.wav.import[39m[0m
[  33% ] [90m[1msavepack[22m | Storing File: res://.godot/imported/defeat.wav-fe08c8a15ef35f9003e30f6d7aa18117.sample[39m[0m
[  33% ] [90m[1msavepack[22m | Storing File: res://audio/defeat.wav.import[39m[0m
[  33% ] [90m[1msavepack[22m | Storing File: res://.godot/imported/dodge.wav-53c4de3ffb2201089993163706fbf8e6.sample[39m[0m
[  33% ] [90m[1msavepack[22m | Storing File: res://audio/dodge.wav.import[39m[0m
[  33% ] [90m[1msavepack[22m | Storing File: res://.godot/imported/earth.wav-7918b62a5ac7175f05ff4282d02f569c.sample[39m[0m
[  33% ] [90m[1msavepack[22m | Storing File: res://audio/earth.wav.import[39m[0m
[  34% ] [90m[1msavepack[22m | Storing File: res://.godot/imported/fire.wav-6ae4976c6e588f9a6e4e721bfc0007fc.sample[39m[0m
[  34% ] [90m[1msavepack[22m | Storing File: res://audio/fire.wav.import[39m[0m
[  35% ] [90m[1msavepack[22m | Storing File: res://.godot/imported/hit.wav-0ce77c86b567f5096583f88ec20be939.sample[39m[0m
[  35% ] [90m[1msavepack[22m | Storing File: res://audio/hit.wav.import[39m[0m
[  35% ] [90m[1msavepack[22m | Storing File: res://.godot/imported/ice.wav-d0f31c3fe515090c4e19d1a35821cf6b.sample[39m[0m
[  35% ] [90m[1msavepack[22m | Storing File: res://audio/ice.wav.import[39m[0m
[  36% ] [90m[1msavepack[22m | Storing File: res://.godot/imported/ui.wav-06bfb1e55dc9304a461a90837821f11d.sample[39m[0m
[  36% ] [90m[1msavepack[22m | Storing File: res://audio/ui.wav.import[39m[0m
[  37% ] [90m[1msavepack[22m | Storing File: res://.godot/imported/victory.wav-da420982e37bfc82d9712a3c0c9ca4aa.sample[39m[0m
[  37% ] [90m[1msavepack[22m | Storing File: res://audio/victory.wav.import[39m[0m
[  37% ] [90m[1msavepack[22m | Storing File: res://data/content_index.json[39m[0m
[  38% ] [90m[1msavepack[22m | Storing File: res://data/economy.json[39m[0m
[  39% ] [90m[1msavepack[22m | Storing File: res://data/packages.json[39m[0m
[  40% ] [90m[1msavepack[22m | Storing File: res://scripts/data/gear_data.gdc[39m[0m
[  40% ] [90m[1msavepack[22m | Storing File: res://scripts/data/spell_data.gdc[39m[0m
[  41% ] [90m[1msavepack[22m | Storing File: res://scripts/effects/arena_art.gdc[39m[0m
[  42% ] [90m[1msavepack[22m | Storing File: res://scripts/enemies/enemy.gdc[39m[0m
[  43% ] [90m[1msavepack[22m | Storing File: res://scripts/ui/ui.gdc[39m[0m
[  43% ] [90m[1msavepack[22m | Storing File: res://scripts/ui/main.gdc[39m[0m
[  44% ] [90m[1msavepack[22m | Storing File: res://scripts/ui/backdrop.gdc[39m[0m
[  45% ] [90m[1msavepack[22m | Storing File: res://scripts/progression/game_state.gdc[39m[0m
[  45% ] [90m[1msavepack[22m | Storing File: res://scripts/player/player.gdc[39m[0m
[  46% ] [90m[1msavepack[22m | Storing File: res://.godot/imported/icon.svg-218a8f2b3041327d8a5756f3a245f83b.ctex[39m[0m
[  46% ] [90m[1msavepack[22m | Storing File: res://icon.svg.import[39m[0m
[  47% ] [90m[1msavepack[22m | Storing File: res://resources/encounters/01.tres[39m[0m
[  48% ] [90m[1msavepack[22m | Storing File: res://resources/encounters/02.tres[39m[0m
[  48% ] [90m[1msavepack[22m | Storing File: res://resources/encounters/03.tres[39m[0m
[  49% ] [90m[1msavepack[22m | Storing File: res://resources/encounters/04.tres[39m[0m
[  50% ] [90m[1msavepack[22m | Storing File: res://resources/encounters/05.tres[39m[0m
[  51% ] [90m[1msavepack[22m | Storing File: res://resources/enemies/battlemage.tres[39m[0m
[  51% ] [90m[1msavepack[22m | Storing File: res://resources/enemies/champion.tres[39m[0m
[  52% ] [90m[1msavepack[22m | Storing File: res://resources/enemies/cryomancer.tres[39m[0m
[  53% ] [90m[1msavepack[22m | Storing File: res://resources/enemies/golem.tres[39m[0m
[  54% ] [90m[1msavepack[22m | Storing File: res://resources/enemies/hound.tres[39m[0m
[  54% ] [90m[1msavepack[22m | Storing File: res://resources/enemies/pyromancer.tres[39m[0m
[  55% ] [90m[1msavepack[22m | Storing File: res://resources/enemies/skitter.tres[39m[0m
[  56% ] [90m[1msavepack[22m | Storing File: res://resources/enemies/spitter.tres[39m[0m
[  56% ] [90m[1msavepack[22m | Storing File: res://resources/enemies/wisp.tres[39m[0m
[  57% ] [90m[1msavepack[22m | Storing File: res://resources/gear/cinder_boots.tres[39m[0m
[  58% ] [90m[1msavepack[22m | Storing File: res://resources/gear/cinder_staff.tres[39m[0m
[  59% ] [90m[1msavepack[22m | Storing File: res://resources/gear/coal_ring.tres[39m[0m
[  59% ] [90m[1msavepack[22m | Storing File: res://resources/gear/ember_robe.tres[39m[0m
[  60% ] [90m[1msavepack[22m | Storing File: res://resources/gear/fault_staff.tres[39m[0m
[  61% ] [90m[1msavepack[22m | Storing File: res://resources/gear/frost_boots.tres[39m[0m
[  62% ] [90m[1msavepack[22m | Storing File: res://resources/gear/glacier_robe.tres[39m[0m
[  62% ] [90m[1msavepack[22m | Storing File: res://resources/gear/granite_robe.tres[39m[0m
[  63% ] [90m[1msavepack[22m | Storing File: res://resources/gear/horizon_ring.tres[39m[0m
[  64% ] [90m[1msavepack[22m | Storing File: res://resources/gear/pilgrim_boots.tres[39m[0m
[  64% ] [90m[1msavepack[22m | Storing File: res://resources/gear/prism_staff.tres[39m[0m
[  65% ] [90m[1msavepack[22m | Storing File: res://resources/gear/quake_ring.tres[39m[0m
[  66% ] [90m[1msavepack[22m | Storing File: res://resources/gear/rime_ring.tres[39m[0m
[  66% ] [90m[1msavepack[22m | Storing File: res://resources/gear/scholar_robe.tres[39m[0m
[  66% ] [90m[1msavepack[22m | Storing File: res://resources/gear/silk_robe.tres[39m[0m
[  67% ] [90m[1msavepack[22m | Storing File: res://resources/gear/stone_boots.tres[39m[0m
[  68% ] [90m[1msavepack[22m | Storing File: res://resources/gear/tempo_ring.tres[39m[0m
[  69% ] [90m[1msavepack[22m | Storing File: res://resources/gear/wind_boots.tres[39m[0m
[  69% ] [90m[1msavepack[22m | Storing File: res://resources/gear/winter_staff.tres[39m[0m
[  70% ] [90m[1msavepack[22m | Storing File: res://resources/gear/zephyr_staff.tres[39m[0m
[  71% ] [90m[1msavepack[22m | Storing File: res://resources/spells/burning_ground.tres[39m[0m
[  71% ] [90m[1msavepack[22m | Storing File: res://resources/spells/claw.tres[39m[0m
[  72% ] [90m[1msavepack[22m | Storing File: res://resources/spells/combustion.tres[39m[0m
[  73% ] [90m[1msavepack[22m | Storing File: res://resources/spells/earth_pillar.tres[39m[0m
[  74% ] [90m[1msavepack[22m | Storing File: res://resources/spells/fireball.tres[39m[0m
[  74% ] [90m[1msavepack[22m | Storing File: res://resources/spells/flame_lash.tres[39m[0m
[  75% ] [90m[1msavepack[22m | Storing File: res://resources/spells/frost_nova.tres[39m[0m
[  76% ] [90m[1msavepack[22m | Storing File: res://resources/spells/gust.tres[39m[0m
[  77% ] [90m[1msavepack[22m | Storing File: res://resources/spells/hex.tres[39m[0m
[  77% ] [90m[1msavepack[22m | Storing File: res://resources/spells/ice_barrier.tres[39m[0m
[  78% ] [90m[1msavepack[22m | Storing File: res://resources/spells/ice_spike.tres[39m[0m
[  79% ] [90m[1msavepack[22m | Storing File: res://resources/spells/icicle_rain.tres[39m[0m
[  80% ] [90m[1msavepack[22m | Storing File: res://resources/spells/pounce.tres[39m[0m
[  80% ] [90m[1msavepack[22m | Storing File: res://resources/spells/slam.tres[39m[0m
[  81% ] [90m[1msavepack[22m | Storing File: res://resources/spells/spit.tres[39m[0m
[  82% ] [90m[1msavepack[22m | Storing File: res://resources/spells/stone_fist.tres[39m[0m
[  82% ] [90m[1msavepack[22m | Storing File: res://resources/spells/stone_guard.tres[39m[0m
[  83% ] [90m[1msavepack[22m | Storing File: res://resources/spells/tremor.tres[39m[0m
[  84% ] [90m[1msavepack[22m | Storing File: res://resources/spells/vortex.tres[39m[0m
[  85% ] [90m[1msavepack[22m | Storing File: res://resources/spells/wind_blade.tres[39m[0m
[  85% ] [90m[1msavepack[22m | Storing File: res://resources/spells/wind_dash.tres[39m[0m
[  86% ] [90m[1msavepack[22m | Storing File: res://scenes/enemies/enemy.tscn[39m[0m
[  87% ] [90m[1msavepack[22m | Storing File: res://scenes/player/player.tscn[39m[0m
[  88% ] [90m[1msavepack[22m | Storing File: res://scenes/spells/area.tscn[39m[0m
[  88% ] [90m[1msavepack[22m | Storing File: res://scenes/spells/projectile.tscn[39m[0m
[  89% ] [90m[1msavepack[22m | Storing File: res://scenes/main.tscn[39m[0m
[  90% ] [90m[1msavepack[22m | Storing File: res://scripts/audio/sound.gdc[39m[0m
[  90% ] [90m[1msavepack[22m | Storing File: res://scripts/combat/arena.gdc[39m[0m
[  91% ] [90m[1msavepack[22m | Storing File: res://scripts/combat/damage_event.gdc[39m[0m
[  92% ] [90m[1msavepack[22m | Storing File: res://scripts/combat/fighter.gdc[39m[0m
[  93% ] [90m[1msavepack[22m | Storing File: res://scripts/combat/projectile.gdc[39m[0m
[  93% ] [90m[1msavepack[22m | Storing File: res://scripts/combat/spell_effect.gdc[39m[0m
[  94% ] [90m[1msavepack[22m | Storing File: res://scripts/combat/spell_geometry.gdc[39m[0m
[  95% ] [90m[1msavepack[22m | Storing File: res://scripts/combat/status_set.gdc[39m[0m
[  96% ] [90m[1msavepack[22m | Storing File: res://scripts/combat/vitality.gdc[39m[0m
[  96% ] [90m[1msavepack[22m | Storing File: res://scripts/data/content.gdc[39m[0m
[  97% ] [90m[1msavepack[22m | Storing File: res://scripts/data/encounter_data.gdc[39m[0m
[  98% ] [90m[1msavepack[22m | Storing File: res://scripts/data/enemy_data.gdc[39m[0m
[  98% ] [90m[1msavepack[22m | Storing File: res://scripts/data/gear_data.gd.remap[39m[0m
[  98% ] [90m[1msavepack[22m | Storing File: res://scripts/data/spell_data.gd.remap[39m[0m
[  98% ] [90m[1msavepack[22m | Storing File: res://scripts/effects/arena_art.gd.remap[39m[0m
[  98% ] [90m[1msavepack[22m | Storing File: res://scripts/enemies/enemy.gd.remap[39m[0m
[  98% ] [90m[1msavepack[22m | Storing File: res://scripts/ui/ui.gd.remap[39m[0m
[  98% ] [90m[1msavepack[22m | Storing File: res://scripts/ui/main.gd.remap[39m[0m
[  98% ] [90m[1msavepack[22m | Storing File: res://scripts/ui/backdrop.gd.remap[39m[0m
[  98% ] [90m[1msavepack[22m | Storing File: res://scripts/progression/game_state.gd.remap[39m[0m
[  98% ] [90m[1msavepack[22m | Storing File: res://scripts/player/player.gd.remap[39m[0m
[  98% ] [90m[1msavepack[22m | Storing File: res://scripts/audio/sound.gd.remap[39m[0m
[  98% ] [90m[1msavepack[22m | Storing File: res://scripts/combat/arena.gd.remap[39m[0m
[  98% ] [90m[1msavepack[22m | Storing File: res://scripts/combat/damage_event.gd.remap[39m[0m
[  98% ] [90m[1msavepack[22m | Storing File: res://scripts/combat/fighter.gd.remap[39m[0m
[  98% ] [90m[1msavepack[22m | Storing File: res://scripts/combat/projectile.gd.remap[39m[0m
[  98% ] [90m[1msavepack[22m | Storing File: res://scripts/combat/spell_effect.gd.remap[39m[0m
[  98% ] [90m[1msavepack[22m | Storing File: res://scripts/combat/spell_geometry.gd.remap[39m[0m
[  98% ] [90m[1msavepack[22m | Storing File: res://scripts/combat/status_set.gd.remap[39m[0m
[  98% ] [90m[1msavepack[22m | Storing File: res://scripts/combat/vitality.gd.remap[39m[0m
[  98% ] [90m[1msavepack[22m | Storing File: res://scripts/data/content.gd.remap[39m[0m
[  98% ] [90m[1msavepack[22m | Storing File: res://scripts/data/encounter_data.gd.remap[39m[0m
[  98% ] [90m[1msavepack[22m | Storing File: res://scripts/data/enemy_data.gd.remap[39m[0m
[  98% ] [90m[1msavepack[22m | Storing File: res://.godot/global_script_class_cache.cfg[39m[0m
[  98% ] [90m[1msavepack[22m | Storing File: res://icon.svg[39m[0m
[  98% ] [90m[1msavepack[22m | Storing File: res://.godot/uid_cache.bin[39m[0m
[  98% ] [90m[1msavepack[22m | Storing File: res://project.binary[39m[0m
[92m[ DONE ][39m [1msavepack[22m
[0m
